exports[`test Root is tested 1`] = `
<div>
  <div>
    RootRouter
  </div>
</div>
`;
