exports[`test RootRouter is tested 1`] = `
<div>
  RootRouter
</div>
`;
